// Jest Snapshot v1, https://goo.gl/fbAQLP

exports[`Form loads correctly 1`] = `
<div
  className="get-in-touch-form-wrapper"
>
  <button
    className="close-form"
    onClick={[Function]}
  >
    X
  </button>
  <h3>
    Get in touch
  </h3>
  <form>
    <p>
      Fill out your info below and we'll get you connected with one of our representatives.
    </p>
    <div
      className="form-item"
    >
      <div
        className="field"
      >
        <label
          htmlFor="fullName"
        >
          Full name
        </label>
        <input
          id="fullName"
          name="fullName"
          onBlur={[Function]}
          onFocus={[Function]}
          required={true}
          type="text"
        />
        <div
          className="error-message"
          hidden={true}
        >
          First and last, please.
        </div>
      </div>
    </div>
    <div
      className="form-item"
    >
      <div
        className="field"
      >
        <label
          htmlFor="email"
        >
          Work Email
        </label>
        <input
          id="email"
          name="email"
          onBlur={[Function]}
          onClick={[Function]}
          required={true}
          type="email"
        />
        <div
          className="error-message"
          hidden={true}
        >
          We need this for confirmations.
        </div>
      </div>
    </div>
    <div
      className="form-item"
    >
      <div
        className="field"
      >
        <label
          htmlFor="phone"
        >
          Phone Number
        </label>
        <input
          id="phone"
          name="phone"
          onBlur={[Function]}
          onClick={[Function]}
          required={true}
          type="phone"
        />
        <div
          className="error-message"
          hidden={true}
        >
          Please give us a way to get in contact.
        </div>
      </div>
    </div>
    <div
      className="cell-container"
    >
      <div
        className="form-item cell"
      >
        <div
          className="cell-wrap"
        >
          <label
            htmlFor="moveInDateBtn"
          >
            Move-in date
          </label>
          <button
            className="move-in"
            id="moveInDataBtn"
            type="button"
          >
            Jan 21
          </button>
          <input
            hidden={true}
            id="moveInDate"
            name="moveInDate"
            type="text"
          />
        </div>
      </div>
      <div
        className="form-item cell"
      >
        <div
          className="cell-wrap"
        >
          <label
            htmlFor="desiredCapacity"
          >
            Number of People
          </label>
          <input
            id="desiredCapacity"
            required={true}
            type="number"
            value="1"
          />
          <button>
            -
          </button>
          <button>
            +
          </button>
        </div>
      </div>
    </div>
    <button
      type="submit"
    >
      Submit
    </button>
  </form>
</div>
`;

exports[`Get In Touch Form Form loads correctly 1`] = `
<div
  className="get-in-touch-form-wrapper"
>
  <button
    className="close-form"
    onClick={[Function]}
  >
    X
  </button>
  <h3>
    Get in touch
  </h3>
  <form>
    <p>
      Fill out your info below and we'll get you connected with one of our representatives.
    </p>
    <div
      className="form-item"
    >
      <div
        className="field"
      >
        <label
          htmlFor="fullName"
        >
          Full name
        </label>
        <input
          id="fullName"
          name="fullName"
          onBlur={[Function]}
          onFocus={[Function]}
          required={true}
          type="text"
        />
        <div
          className="error-message"
          hidden={true}
        >
          First and last, please.
        </div>
      </div>
    </div>
    <div
      className="form-item"
    >
      <div
        className="field"
      >
        <label
          htmlFor="email"
        >
          Work Email
        </label>
        <input
          id="email"
          name="email"
          onBlur={[Function]}
          onClick={[Function]}
          required={true}
          type="email"
        />
        <div
          className="error-message"
          hidden={true}
        >
          We need this for confirmations.
        </div>
      </div>
    </div>
    <div
      className="form-item"
    >
      <div
        className="field"
      >
        <label
          htmlFor="phone"
        >
          Phone Number
        </label>
        <input
          id="phone"
          name="phone"
          onBlur={[Function]}
          onClick={[Function]}
          required={true}
          type="phone"
        />
        <div
          className="error-message"
          hidden={true}
        >
          Please give us a way to get in contact.
        </div>
      </div>
    </div>
    <div
      className="cell-container"
    >
      <div
        className="form-item cell"
      >
        <div
          className="cell-wrap"
        >
          <label
            htmlFor="moveInDateBtn"
          >
            Move-in date
          </label>
          <button
            className="move-in"
            id="moveInDataBtn"
            type="button"
          >
            Jan 21
          </button>
          <input
            hidden={true}
            id="moveInDate"
            name="moveInDate"
            type="text"
          />
        </div>
      </div>
      <div
        className="form-item cell"
      >
        <div
          className="cell-wrap"
        >
          <label
            htmlFor="desiredCapacity"
          >
            Number of People
          </label>
          <input
            id="desiredCapacity"
            required={true}
            type="number"
            value="1"
          />
          <button>
            -
          </button>
          <button>
            +
          </button>
        </div>
      </div>
    </div>
    <button
      type="submit"
    >
      Submit
    </button>
  </form>
</div>
`;
